// Jest Snapshot v1, https://goo.gl/fbAQLP

exports[`LoginGreet component renders the UI as expected 1`] = `
<div
  className="LoginGreet, greetgroup"
>
  <div
    className="item"
  >
    <h2>
      Welcome Back!
    </h2>
  </div>
  <div
    className="item"
  >
    <form
      className="login-form"
      onSubmit={[Function]}
    >
      <div>
        <label
          htmlFor="email"
        >
          Email
        </label>
        <input
          id="email"
          name="email"
          type="email"
        />
      </div>
      <div>
        <label
          htmlFor="password"
        >
          Password
        </label>
        <input
          id="password"
          name="password"
          type="password"
        />
      </div>
      <button
        type="submit"
      >
        Login
      </button>
    </form>
  </div>
</div>
`;
