// Jest Snapshot v1, https://goo.gl/fbAQLP

exports[`AddMemberNav component renders the UI as expected 1`] = `
<div
  className="AddMemberNav, group"
>
  <div
    className="item navbtndiv"
  >
    <a
      href="/account"
      onClick={[Function]}
    >
      <button
        className="navbtn"
      >
        Account
      </button>
    </a>
  </div>
  <div
    className="item"
  >
    <h1>
      EasyCal
    </h1>
  </div>
  <div
    className="item navbtndiv"
  >
    <a
      href="/dashboard"
      onClick={[Function]}
    >
      <button
        className="navbtn"
      >
        Dashboard
      </button>
    </a>
  </div>
</div>
`;
