// Jest Snapshot v1, https://goo.gl/fbAQLP

exports[`App component renders the UI as expected 1`] = `
<div
  className="App"
>
  <nav>
    <div
      className="LandingNav, group"
    >
      <div
        className="item signupbtn navbtndiv"
      >
        <a
          href="/signup"
          onClick={[Function]}
        >
          <button
            className="navbtn"
          >
            Sign Up
          </button>
        </a>
      </div>
      <div
        className="item"
      >
        <h1>
          EasyCal
        </h1>
      </div>
      <div
        className="item navbtndiv"
      >
        <a
          href="/login"
          onClick={[Function]}
        >
          <button
            className="navbtn"
          >
            Log In
          </button>
        </a>
      </div>
    </div>
  </nav>
  <main
    className="App"
  >
    <div
      className="LandingGreet, greetgroup"
    >
      <div
        className="item"
      >
        <h2>
          Meet EasyCal
        </h2>
      </div>
      <div
        className="item"
      >
        <h3>
          A scheduling solution for the modern office.
        </h3>
      </div>
      <div>
        <a
          href="/signup"
          onClick={[Function]}
        >
          <button>
            Create an Account
          </button>
        </a>
      </div>
    </div>
    <div
      className="landingbody"
    >
      <div
        className="landinggroup group1"
      >
        <div
          className="item"
        >
          <img
            alt="An easycal calendar that reads \\"Welcome, John Doe\\" and \\"your business calendar\\""
            className="landing-img"
            src="calendar-screen.png"
          />
        </div>
        <div
          className="item"
        >
          <h3>
            Create an Office Wide Calendar
          </h3>
          <p>
            The modern office is a busy office. As your company grows, you add more and more moving parts, and important dates start slipping through the cracks. Get your entire team on the same page with EasyCal. No more missed deadlines. No more missed meetings.
          </p>
        </div>
      </div>
      <div
        className="landinggroup3 group2"
      >
        <div
          className="item"
        >
          <h3>
            Add Team Members with Ease
          </h3>
          <p>
            Many companies have to much going on to have everyone on a single calendar. Whether you want to divide it by branch, department, or project, EasyCal has you covered. Add team members to specific calendars to make sure they see what matters without cluttering their screen. They can even make their own calendars for smaller projects.
          </p>
        </div>
        <div
          className="item block2"
        >
          <img
            alt="The easycal add team member interface"
            className="landing-img"
            src="addmember-screen.png"
          />
        </div>
      </div>
      <div
        className="landinggroup group1 lastgroup"
      >
        <div
          className="item"
        >
          <img
            alt="The easycal add event interface"
            className="landing-img"
            src="addevent-screen.png"
          />
        </div>
        <div
          className="item"
        >
          <h3>
            Create Events and Invite Members
          </h3>
          <p>
            Events and deadlines are what EasyCal is all about. With our simple to use database, you can add specific members to each event, making sure everyone knows exactly where they need to be.
          </p>
        </div>
      </div>
    </div>
  </main>
  <footer>
    <div
      className="footergroup"
    >
      <div
        className="item"
      >
        <p>
          Copyright 2020 by Franklin Stewart Jester
        </p>
      </div>
    </div>
  </footer>
</div>
`;
